[    0.000000] Initializing cgroup subsys cpuset
[    0.000000] Initializing cgroup subsys cpu
[    0.000000] Initializing cgroup subsys cpuacct
[    0.000000] Linux version 4.4.0-176-generic (buildd@lgw01-amd64-035) (gcc version 5.4.0 20160609 (Ubuntu 5.4.0-6ubuntu1~16.04.12) ) #206-Ubuntu SMP Fri Feb 28 05:02:04 UTC 2020 (Ubuntu 4.4.0-176.206-generic 4.4.211)
[    0.000000] Command line: BOOT_IMAGE=/boot/vmlinuz-4.4.0-176-generic root=UUID=30dd85e6-29db-4098-9c03-0a7f8d66e629 ro console=tty1 console=ttyS0
[    0.000000] KERNEL supported cpus:
[    0.000000]   Intel GenuineIntel
[    0.000000]   AMD AuthenticAMD
[    0.000000]   Centaur CentaurHauls
[    0.000000] x86/fpu: xstate_offset[2]:  576, xstate_sizes[2]:  256
[    0.000000] x86/fpu: Supporting XSAVE feature 0x01: 'x87 floating point registers'
[    0.000000] x86/fpu: Supporting XSAVE feature 0x02: 'SSE registers'
[    0.000000] x86/fpu: Supporting XSAVE feature 0x04: 'AVX registers'
[    0.000000] x86/fpu: Enabled xstate features 0x7, context size is 832 bytes, using 'standard' format.
[    0.000000] e820: BIOS-provided physical RAM map:
[    0.000000] BIOS-e820: [mem 0x0000000000000000-0x000000000009fbff] usable
[    0.000000] BIOS-e820: [mem 0x000000000009fc00-0x000000000009ffff] reserved
[    0.000000] BIOS-e820: [mem 0x00000000000f0000-0x00000000000fffff] reserved
[    0.000000] BIOS-e820: [mem 0x0000000000100000-0x000000003ffeffff] usable
[    0.000000] BIOS-e820: [mem 0x000000003fff0000-0x000000003fffffff] ACPI data
[    0.000000] BIOS-e820: [mem 0x00000000fec00000-0x00000000fec00fff] reserved
[    0.000000] BIOS-e820: [mem 0x00000000fee00000-0x00000000fee00fff] reserved
[    0.000000] BIOS-e820: [mem 0x00000000fffc0000-0x00000000ffffffff] reserved
[    0.000000] NX (Execute Disable) protection: active
[    0.000000] SMBIOS 2.5 present.
[    0.000000] Hypervisor detected: KVM
[    0.000000] e820: last_pfn = 0x3fff0 max_arch_pfn = 0x400000000
[    0.000000] MTRR: Disabled
[    0.000000] x86/PAT: MTRRs disabled, skipping PAT initialization too.
[    0.000000] CPU MTRRs all blank - virtualized system.
[    0.000000] x86/PAT: Configuration [0-7]: WB  WT  UC- UC  WB  WT  UC- UC  
[    0.000000] found SMP MP-table at [mem 0x0009fff0-0x0009ffff] mapped at [ffff88000009fff0]
[    0.000000] Scanning 1 areas for low memory corruption
[    0.000000] RAMDISK: [mem 0x361d0000-0x370dffff]
[    0.000000] ACPI: Early table checksum verification disabled
[    0.000000] ACPI: RSDP 0x00000000000E0000 000024 (v02 VBOX  )
[    0.000000] ACPI: XSDT 0x000000003FFF0030 00003C (v01 VBOX   VBOXXSDT 00000001 ASL  00000061)
[    0.000000] ACPI: FACP 0x000000003FFF00F0 0000F4 (v04 VBOX   VBOXFACP 00000001 ASL  00000061)
[    0.000000] ACPI: DSDT 0x000000003FFF0470 002325 (v02 VBOX   VBOXBIOS 00000002 INTL 20120111)
[    0.000000] ACPI: FACS 0x000000003FFF0200 000040
[    0.000000] ACPI: FACS 0x000000003FFF0200 000040
[    0.000000] ACPI: APIC 0x000000003FFF0240 00005C (v02 VBOX   VBOXAPIC 00000001 ASL  00000061)
[    0.000000] ACPI: SSDT 0x000000003FFF02A0 0001CC (v01 VBOX   VBOXCPUT 00000002 INTL 20120111)
[    0.000000] No NUMA configuration found
[    0.000000] Faking a node at [mem 0x0000000000000000-0x000000003ffeffff]
[    0.000000] NODE_DATA(0) allocated [mem 0x3ffeb000-0x3ffeffff]
[    0.000000] kvm-clock: Using msrs 4b564d01 and 4b564d00
[    0.000000] kvm-clock: cpu 0, msr 0:3ffe3001, primary cpu clock
[    0.000000] kvm-clock: using sched offset of 12493433093 cycles
[    0.000000] clocksource: kvm-clock: mask: 0xffffffffffffffff max_cycles: 0x1cd42e4dffb, max_idle_ns: 881590591483 ns
[    0.000000] Zone ranges:
[    0.000000]   DMA      [mem 0x0000000000001000-0x0000000000ffffff]
[    0.000000]   DMA32    [mem 0x0000000001000000-0x000000003ffeffff]
[    0.000000]   Normal   empty
[    0.000000]   Device   empty
[    0.000000] Movable zone start for each node
[    0.000000] Early memory node ranges
[    0.000000]   node   0: [mem 0x0000000000001000-0x000000000009efff]
[    0.000000]   node   0: [mem 0x0000000000100000-0x000000003ffeffff]
[    0.000000] Initmem setup node 0 [mem 0x0000000000001000-0x000000003ffeffff]
[    0.000000] ACPI: PM-Timer IO Port: 0x4008
[    0.000000] IOAPIC[0]: apic_id 2, version 32, address 0xfec00000, GSI 0-23
[    0.000000] ACPI: INT_SRC_OVR (bus 0 bus_irq 0 global_irq 2 dfl dfl)
[    0.000000] ACPI: INT_SRC_OVR (bus 0 bus_irq 9 global_irq 9 low level)
[    0.000000] Using ACPI (MADT) for SMP configuration information
[    0.000000] smpboot: Allowing 2 CPUs, 0 hotplug CPUs
[    0.000000] PM: Registered nosave memory: [mem 0x00000000-0x00000fff]
[    0.000000] PM: Registered nosave memory: [mem 0x0009f000-0x0009ffff]
[    0.000000] PM: Registered nosave memory: [mem 0x000a0000-0x000effff]
[    0.000000] PM: Registered nosave memory: [mem 0x000f0000-0x000fffff]
[    0.000000] e820: [mem 0x40000000-0xfebfffff] available for PCI devices
[    0.000000] Booting paravirtualized kernel on KVM
[    0.000000] clocksource: refined-jiffies: mask: 0xffffffff max_cycles: 0xffffffff, max_idle_ns: 7645519600211568 ns
[    0.000000] setup_percpu: NR_CPUS:512 nr_cpumask_bits:512 nr_cpu_ids:2 nr_node_ids:1
[    0.000000] PERCPU: Embedded 33 pages/cpu @ffff88003fc00000 s95448 r8192 d31528 u1048576
[    0.000000] Built 1 zonelists in Node order, mobility grouping on.  Total pages: 257912
[    0.000000] Policy zone: DMA32
[    0.000000] Kernel command line: BOOT_IMAGE=/boot/vmlinuz-4.4.0-176-generic root=UUID=30dd85e6-29db-4098-9c03-0a7f8d66e629 ro console=tty1 console=ttyS0
[    0.000000] PID hash table entries: 4096 (order: 3, 32768 bytes)
[    0.000000] Memory: 997128K/1048120K available (8626K kernel code, 1336K rwdata, 4032K rodata, 1488K init, 1292K bss, 50992K reserved, 0K cma-reserved)
[    0.000000] SLUB: HWalign=64, Order=0-3, MinObjects=0, CPUs=2, Nodes=1
[    0.000000] Kernel/User page tables isolation: enabled
[    0.000000] Hierarchical RCU implementation.
[    0.000000] 	Build-time adjustment of leaf fanout to 64.
[    0.000000] 	RCU restricting CPUs from NR_CPUS=512 to nr_cpu_ids=2.
[    0.000000] RCU: Adjusting geometry for rcu_fanout_leaf=64, nr_cpu_ids=2
[    0.000000] NR_IRQS:33024 nr_irqs:440 16
[    0.000000] Console: colour VGA+ 80x25
[    0.000000] console [tty1] enabled
[    0.000000] console [ttyS0] enabled
[    0.000000] tsc: Detected 1599.999 MHz processor
[    1.080070] Calibrating delay loop (skipped) preset value.. 3199.99 BogoMIPS (lpj=6399996)
[    1.087775] pid_max: default: 32768 minimum: 301
[    1.096136] ACPI: Core revision 20150930
[    1.098992] ACPI: 2 ACPI AML tables successfully acquired and loaded
[    1.108130] Security Framework initialized
[    1.112560] Yama: becoming mindful.
[    1.117263] AppArmor: AppArmor initialized
[    1.120067] Dentry cache hash table entries: 131072 (order: 8, 1048576 bytes)
[    1.127201] Inode-cache hash table entries: 65536 (order: 7, 524288 bytes)
[    1.134362] Mount-cache hash table entries: 2048 (order: 2, 16384 bytes)
[    1.140097] Mountpoint-cache hash table entries: 2048 (order: 2, 16384 bytes)
[    1.148141] Initializing cgroup subsys io
[    1.159015] Initializing cgroup subsys memory
[    1.166335] Initializing cgroup subsys devices
[    1.169174] Initializing cgroup subsys freezer
[    1.171571] Initializing cgroup subsys net_cls
[    1.179682] Initializing cgroup subsys perf_event
[    1.190339] Initializing cgroup subsys net_prio
[    1.196789] Initializing cgroup subsys hugetlb
[    1.198751] Initializing cgroup subsys pids
[    1.202761] mce: CPU supports 0 MCE banks
[    1.206291] Last level iTLB entries: 4KB 64, 2MB 8, 4MB 8
[    1.212351] Last level dTLB entries: 4KB 64, 2MB 0, 4MB 0, 1GB 4
[    1.219772] Spectre V1 : Mitigation: usercopy/swapgs barriers and __user pointer sanitization
[    1.229989] Spectre V2 : Mitigation: Full generic retpoline
[    1.234585] Spectre V2 : Spectre v2 / SpectreRSB mitigation: Filling RSB on context switch
[    1.247080] Speculative Store Bypass: Vulnerable
[    1.251927] MDS: Mitigation: Clear CPU buffers
[    1.261172] Freeing SMP alternatives memory: 36K
[    1.277551] ftrace: allocating 32305 entries in 127 pages
[    1.461400] smpboot: APIC(0) Converting physical 0 to logical package 0
[    1.471857] smpboot: Max logical packages: 1
[    1.481347] x2apic enabled
[    1.490590] Switched APIC routing to physical x2apic.
[    1.646738] ..TIMER: vector=0x30 apic1=0 pin1=2 apic2=-1 pin2=-1
[    1.786480] APIC calibration not consistent with PM-Timer: 49ms instead of 100ms
[    1.834387] APIC delta adjusted to PM-Timer: 6249738 (3095642)
[    1.848666] smpboot: CPU0: Intel(R) Core(TM) i5-5250U CPU @ 1.60GHz (family: 0x6, model: 0x3d, stepping: 0x4)
[    1.985510] Performance Events: unsupported p6 CPU model 61 no PMU driver, software events only.
[    2.041644] KVM setup paravirtual spinlock
[    2.051152] x86: Booting SMP configuration:
[    2.068300] .... node  #0, CPUs:      #1
[    2.078443] kvm-clock: cpu 1, msr 0:3ffe3041, secondary cpu clock
[    2.090450] mce: CPU supports 0 MCE banks
[    2.098476] x86: Booted up 1 node, 2 CPUs
[    2.108465] smpboot: Total of 2 processors activated (6399.99 BogoMIPS)
[    2.119342] devtmpfs: initialized
[    2.131936] evm: security.selinux
[    2.142645] evm: security.SMACK64
[    2.165884] evm: security.SMACK64EXEC
[    2.175002] evm: security.SMACK64TRANSMUTE
[    2.183725] evm: security.SMACK64MMAP
[    2.193407] evm: security.ima
[    2.201224] evm: security.capability
[    2.207775] clocksource: jiffies: mask: 0xffffffff max_cycles: 0xffffffff, max_idle_ns: 7645041785100000 ns
[    2.231302] futex hash table entries: 512 (order: 3, 32768 bytes)
[    2.245601] pinctrl core: initialized pinctrl subsystem
[    2.260079] RTC time: 15:42:53, date: 11/08/21
[    2.321190] NET: Registered protocol family 16
[    2.361741] cpuidle: using governor ladder
[    2.393491] cpuidle: using governor menu
[    2.402313] PCCT header not found.
[    2.408802] ACPI: bus type PCI registered
[    2.419759] acpiphp: ACPI Hot Plug PCI Controller Driver version: 0.5
[    2.433761] PCI: Using configuration type 1 for base access
[    2.463227] ACPI: Added _OSI(Module Device)
[    2.471570] ACPI: Added _OSI(Processor Device)
[    2.486204] ACPI: Added _OSI(3.0 _SCP Extensions)
[    2.495614] ACPI: Added _OSI(Processor Aggregator Device)
[    2.512293] ACPI: Executed 1 blocks of module-level executable AML code
[    2.533344] ACPI: Interpreter enabled
[    2.543337] ACPI: (supports S0 S5)
[    2.549231] ACPI: Using IOAPIC for interrupt routing
[    2.565115] PCI: Using host bridge windows from ACPI; if necessary, use "pci=nocrs" and report a bug
[    2.597547] ACPI: PCI Root Bridge [PCI0] (domain 0000 [bus 00-ff])
[    2.613883] acpi PNP0A03:00: _OSC: OS supports [ASPM ClockPM Segments MSI]
[    2.626680] acpi PNP0A03:00: _OSC: not requesting OS control; OS requires [ExtendedConfig ASPM ClockPM MSI]
[    2.651524] acpi PNP0A03:00: fail to add MMCONFIG information, can't access extended PCI configuration space under this bridge.
[    2.679309] PCI host bridge to bus 0000:00
[    2.699063] pci_bus 0000:00: root bus resource [io  0x0000-0x0cf7 window]
[    2.714118] pci_bus 0000:00: root bus resource [io  0x0d00-0xffff window]
[    2.725959] pci_bus 0000:00: root bus resource [mem 0x000a0000-0x000bffff window]
[    2.766054] pci_bus 0000:00: root bus resource [mem 0x40000000-0xfdffffff window]
[    2.785251] pci_bus 0000:00: root bus resource [bus 00-ff]
[    2.803170] pci 0000:00:01.1: legacy IDE quirk: reg 0x10: [io  0x01f0-0x01f7]
[    2.849462] pci 0000:00:01.1: legacy IDE quirk: reg 0x14: [io  0x03f6]
[    2.866087] pci 0000:00:01.1: legacy IDE quirk: reg 0x18: [io  0x0170-0x0177]
[    2.888677] pci 0000:00:01.1: legacy IDE quirk: reg 0x1c: [io  0x0376]
[    3.005911] pci 0000:00:07.0: quirk: [io  0x4000-0x403f] claimed by PIIX4 ACPI
[    3.030969] pci 0000:00:07.0: quirk: [io  0x4100-0x410f] claimed by PIIX4 SMB
[    3.080179] ACPI: PCI Interrupt Link [LNKA] (IRQs 5 9 10 *11)
[    3.091425] ACPI: PCI Interrupt Link [LNKB] (IRQs 5 9 *10 11)
[    3.110465] ACPI: PCI Interrupt Link [LNKC] (IRQs 5 *9 10 11)
[    3.136225] ACPI: PCI Interrupt Link [LNKD] (IRQs 5 9 10 *11)
[    3.142754] ACPI: Enabled 2 GPEs in block 00 to 07
[    3.151688] vgaarb: setting as boot device: PCI:0000:00:02.0
[    3.169427] vgaarb: device added: PCI:0000:00:02.0,decodes=io+mem,owns=io+mem,locks=none
[    3.176809] vgaarb: loaded
[    3.179426] vgaarb: bridge control possible 0000:00:02.0
[    3.188000] SCSI subsystem initialized
[    3.191158] ACPI: bus type USB registered
[    3.198362] usbcore: registered new interface driver usbfs
[    3.201266] usbcore: registered new interface driver hub
[    3.208824] usbcore: registered new device driver usb
[    3.212264] PCI: Using ACPI for IRQ routing
[    3.225800] NetLabel: Initializing
[    3.227868] NetLabel:  domain hash size = 128
[    3.231628] NetLabel:  protocols = UNLABELED CIPSOv4
[    3.236904] NetLabel:  unlabeled traffic allowed by default
[    3.246367] amd_nb: Cannot enumerate AMD northbridges
[    3.252275] clocksource: Switched to clocksource kvm-clock
[    3.279731] AppArmor: AppArmor Filesystem Enabled
[    3.285979] pnp: PnP ACPI init
[    3.295855] pnp: PnP ACPI: found 3 devices
[    3.322172] clocksource: acpi_pm: mask: 0xffffff max_cycles: 0xffffff, max_idle_ns: 2085701024 ns
[    3.332549] NET: Registered protocol family 2
[    3.337747] TCP established hash table entries: 8192 (order: 4, 65536 bytes)
[    3.341837] TCP bind hash table entries: 8192 (order: 5, 131072 bytes)
[    3.351786] TCP: Hash tables configured (established 8192 bind 8192)
[    3.542405] UDP hash table entries: 512 (order: 2, 16384 bytes)
[    3.569621] UDP-Lite hash table entries: 512 (order: 2, 16384 bytes)
[    3.590460] NET: Registered protocol family 1
[    3.610134] pci 0000:00:00.0: Limiting direct PCI/PCI transfers
[    3.656585] pci 0000:00:01.0: Activating ISA DMA hang workarounds
[    3.676291] Unpacking initramfs...
[    4.567338] Freeing initrd memory: 15424K
[    4.571758] RAPL PMU detected, API unit is 2^-32 Joules, 4 fixed counters 10737418240 ms ovfl timer
[    4.580725] hw unit of domain pp0-core 2^-0 Joules
[    4.586107] hw unit of domain package 2^-0 Joules
[    4.589127] hw unit of domain dram 2^-0 Joules
[    4.591947] hw unit of domain pp1-gpu 2^-0 Joules
[    4.598119] clocksource: tsc: mask: 0xffffffffffffffff max_cycles: 0x171023f09ff, max_idle_ns: 440795233615 ns
[    4.605404] platform rtc_cmos: registered platform RTC device (no PNP device found)
[    4.610758] Scanning for low memory corruption every 60 seconds
[    4.619103] audit: initializing netlink subsys (disabled)
[    4.628574] audit: type=2000 audit(1636386187.611:1): initialized
[    4.636217] Initialise system trusted keyring
[    4.640043] HugeTLB registered 2 MB page size, pre-allocated 0 pages
[    4.648678] zbud: loaded
[    4.651383] VFS: Disk quotas dquot_6.6.0
[    4.656024] VFS: Dquot-cache hash table entries: 512 (order 0, 4096 bytes)
[    4.665736] squashfs: version 4.0 (2009/01/31) Phillip Lougher
[    4.672461] fuse init (API version 7.23)
[    4.677495] Key type big_key registered
[    4.680868] Allocating IMA MOK and blacklist keyrings.
[    4.738758] Key type asymmetric registered
[    4.740387] Asymmetric key parser 'x509' registered
[    4.742400] Block layer SCSI generic (bsg) driver version 0.4 loaded (major 249)
[    4.747113] io scheduler noop registered
[    4.749113] io scheduler deadline registered (default)
[    4.756080] io scheduler cfq registered
[    4.760639] pci_hotplug: PCI Hot Plug PCI Core version: 0.5
[    4.765000] pciehp: PCI Express Hot Plug Controller Driver version: 0.4
[    4.769417] ACPI: AC Adapter [AC] (off-line)
[    4.771656] input: Power Button as /devices/LNXSYSTM:00/LNXPWRBN:00/input/input0
[    4.778611] ACPI: Power Button [PWRF]
[    4.781427] input: Sleep Button as /devices/LNXSYSTM:00/LNXSLPBN:00/input/input1
[    4.786372] ACPI: Sleep Button [SLPF]
[    4.791106] ACPI: Battery Slot [BAT0] (battery present)
[    4.795049] GHES: HEST is not enabled!
[    4.796992] Serial: 8250/16550 driver, 32 ports, IRQ sharing enabled
[    4.822647] 00:02: ttyS0 at I/O 0x3f8 (irq = 4, base_baud = 115200) is a 16550A
[    4.833433] Linux agpgart interface v0.103
[    4.842400] loop: module loaded
[    4.845807] scsi host0: ata_piix
[    4.847954] scsi host1: ata_piix
[    4.849834] ata1: PATA max UDMA/33 cmd 0x1f0 ctl 0x3f6 bmdma 0xd000 irq 14
[    4.853332] ata2: PATA max UDMA/33 cmd 0x170 ctl 0x376 bmdma 0xd008 irq 15
[    4.856790] libphy: Fixed MDIO Bus: probed
[    4.859086] tun: Universal TUN/TAP device driver, 1.6
[    4.861713] tun: (C) 1999-2004 Max Krasnyansky <maxk@qualcomm.com>
[    4.865254] PPP generic driver version 2.4.2
[    4.868799] ehci_hcd: USB 2.0 'Enhanced' Host Controller (EHCI) Driver
[    4.871866] ehci-pci: EHCI PCI platform driver
[    4.874905] ehci-platform: EHCI generic platform driver
[    4.878198] ohci_hcd: USB 1.1 'Open' Host Controller (OHCI) Driver
[    4.881404] ohci-pci: OHCI PCI platform driver
[    4.886760] ohci-platform: OHCI generic platform driver
[    4.889643] uhci_hcd: USB Universal Host Controller Interface driver
[    4.896590] i8042: PNP: PS/2 Controller [PNP0303:PS2K,PNP0f03:PS2M] at 0x60,0x64 irq 1,12
[    4.907518] serio: i8042 KBD port at 0x60,0x64 irq 1
[    4.910575] serio: i8042 AUX port at 0x60,0x64 irq 12
[    4.914638] mousedev: PS/2 mouse device common for all mice
[    4.918650] input: AT Translated Set 2 keyboard as /devices/platform/i8042/serio0/input/input2
[    4.926014] rtc_cmos rtc_cmos: rtc core: registered rtc_cmos as rtc0
[    4.926123] rtc_cmos rtc_cmos: alarms up to one day, 114 bytes nvram
[    4.926141] i2c /dev entries driver
[    4.926319] device-mapper: uevent: version 1.0.3
[    4.926396] device-mapper: ioctl: 4.34.0-ioctl (2015-10-28) initialised: dm-devel@redhat.com
[    4.926422] ledtrig-cpu: registered to indicate activity on CPUs
[    4.928270] NET: Registered protocol family 10
[    4.928948] NET: Registered protocol family 17
[    4.928972] Key type dns_resolver registered
[    4.929451] registered taskstats version 1
[    4.929470] Loading compiled-in X.509 certificates
[    4.930640] Loaded X.509 cert 'Build time autogenerated kernel key: c2b7431ed9258328a3a0cf301f850647788d8e61'
[    4.930687] zswap: loaded using pool lzo/zbud
[    4.934562] Key type trusted registered
[    4.938889] Key type encrypted registered
[    4.938896] AppArmor: AppArmor sha1 policy hashing enabled
[    4.938900] ima: No TPM chip found, activating TPM-bypass!
[    4.938906] ima: Allocated hash algorithm: sha1
[    4.938921] evm: HMAC attrs: 0x1
[    4.939584]   Magic number: 13:905:739
[    4.946457] rtc_cmos rtc_cmos: setting system clock to 2021-11-08 15:42:56 UTC (1636386176)
[    4.946603] BIOS EDD facility v0.16 2004-Jun-25, 0 devices found
[    4.946603] EDD information not available.
[    5.051977] Freeing unused kernel memory: 1488K
[    5.072311] Write protecting the kernel read-only data: 14336k
[    5.082981] Freeing unused kernel memory: 1604K
[    5.089253] Freeing unused kernel memory: 64K
Loading, please wait...
starting version 229
[    5.122470] random: systemd-udevd: uninitialized urandom read (16 bytes read, 3 bits of entropy available)
[    5.127199] random: udevadm: uninitialized urandom read (16 bytes read, 3 bits of entropy available)
[    5.127238] random: udevadm: uninitialized urandom read (16 bytes read, 3 bits of entropy available)
[    5.146243] random: udevadm: uninitialized urandom read (16 bytes read, 3 bits of entropy available)
[    5.146299] random: udevadm: uninitialized urandom read (16 bytes read, 3 bits of entropy available)
[    5.146455] random: udevadm: uninitialized urandom read (16 bytes read, 3 bits of entropy available)
[    5.146509] random: udevadm: uninitialized urandom read (16 bytes read, 3 bits of entropy available)
[    5.146607] random: udevadm: uninitialized urandom read (16 bytes read, 3 bits of entropy available)
[    5.146680] random: udevadm: uninitialized urandom read (16 bytes read, 3 bits of entropy available)
[    5.146735] random: udevadm: uninitialized urandom read (16 bytes read, 3 bits of entropy available)
[    5.276688] e1000: Intel(R) PRO/1000 Network Driver - version 7.3.21-k8-NAPI
[    5.281781] e1000: Copyright (c) 1999-2006 Intel Corporation.
[    5.299428] Fusion MPT base driver 3.04.20
[    5.303956] Copyright (c) 1999-2008 LSI Corporation
[    5.336025] Fusion MPT SPI Host driver 3.04.20
[    5.362384] AVX2 version of gcm_enc/dec engaged.
[    5.369706] AES CTR mode by8 optimization enabled
[    5.509440] input: ImExPS/2 Generic Explorer Mouse as /devices/platform/i8042/serio1/input/input4
[    6.530968] e1000 0000:00:03.0 eth0: (PCI:33MHz:32-bit) 02:90:e9:96:cf:60
[    6.536567] e1000 0000:00:03.0 eth0: Intel(R) PRO/1000 Network Connection
[    6.542277] mptbase: ioc0: Initiating bringup
[    7.255376] ioc0: LSI53C1030 A0: Capabilities={Initiator}
[    9.609500] scsi host2: ioc0: LSI53C1030 A0, FwRev=00000000h, Ports=1, MaxQ=256, IRQ=20
[   11.498256] scsi 2:0:0:0: Direct-Access     VBOX     HARDDISK         1.0  PQ: 0 ANSI: 5
[   11.502706] scsi target2:0:0: Beginning Domain Validation
[   11.514158] scsi target2:0:0: Domain Validation skipping write tests
[   11.538017] scsi target2:0:0: Ending Domain Validation
[   11.542492] scsi target2:0:0: asynchronous
[   11.553680] scsi 2:0:1:0: Direct-Access     VBOX     HARDDISK         1.0  PQ: 0 ANSI: 5
[   11.570513] scsi target2:0:1: Beginning Domain Validation
[   11.588119] scsi target2:0:1: Domain Validation skipping write tests
[   11.599860] scsi target2:0:1: Ending Domain Validation
[   11.604139] scsi target2:0:1: asynchronous
[   11.631043] sd 2:0:0:0: Attached scsi generic sg0 type 0
[   11.636796] sd 2:0:0:0: [sda] 20971520 512-byte logical blocks: (10.7 GB/10.0 GiB)
[   11.653763] sd 2:0:1:0: [sdb] 20480 512-byte logical blocks: (10.5 MB/10.0 MiB)
[   11.670498] sd 2:0:1:0: Attached scsi generic sg1 type 0
[   11.682145] sd 2:0:0:0: [sda] Write Protect is off
[   11.689632] sd 2:0:1:0: [sdb] Write Protect is off
[   11.700933] sd 2:0:0:0: [sda] Incomplete mode parameter data
[   11.713985] sd 2:0:0:0: [sda] Assuming drive cache: write through
[   11.722407] sd 2:0:1:0: [sdb] Incomplete mode parameter data
[   11.736840] sd 2:0:1:0: [sdb] Assuming drive cache: write through
[   11.752546]  sda: sda1
[   11.768980] sd 2:0:0:0: [sda] Attached SCSI disk
[   11.780889] sd 2:0:1:0: [sdb] Attached SCSI disk
[   12.532445] e1000 0000:00:08.0 eth1: (PCI:33MHz:32-bit) 08:00:27:82:fc:48
[   12.541863] e1000 0000:00:08.0 eth1: Intel(R) PRO/1000 Network Connection
[   12.556487] e1000 0000:00:03.0 enp0s3: renamed from eth0
[   12.581246] e1000 0000:00:08.0 enp0s8: renamed from eth1
Begin: Loading essential drivers ... [   14.859811] md: linear personality registered for level -1
[   14.866986] md: multipath personality registered for level -4
[   14.875327] md: raid0 personality registered for level 0
[   14.886969] md: raid1 personality registered for level 1
[   14.976375] raid6: sse2x1   gen()  5491 MB/s
[   15.044399] raid6: sse2x1   xor()  4533 MB/s
[   15.112359] raid6: sse2x2   gen()  7550 MB/s
[   15.185809] raid6: sse2x2   xor()  1879 MB/s
[   15.304508] raid6: sse2x4   gen()  3006 MB/s
[   15.384416] raid6: sse2x4   xor()  2816 MB/s
[   15.452416] raid6: avx2x1   gen()  6224 MB/s
[   15.520360] raid6: avx2x2   gen() 10622 MB/s
[   15.588421] raid6: avx2x4   gen() 11484 MB/s
[   15.591484] raid6: using algorithm avx2x4 gen() 11484 MB/s
[   15.597773] raid6: using avx2x2 recovery algorithm
[   15.602139] xor: automatically using best checksumming function:
[   15.644599]    avx       : 15659.000 MB/sec
[   15.649458] async_tx: api initialized (async)
[   15.678530] md: raid6 personality registered for level 6
[   15.681996] md: raid5 personality registered for level 5
[   15.687400] md: raid4 personality registered for level 4
[   15.715475] md: raid10 personality registered for level 10
done.
Begin: Running /scripts/init-premount ... done.
Begin: Mounting root file system ... Begin: Running /scripts/local-top ... done.
Begin: Running /scripts/local-premount ... [   16.024227] Btrfs loaded
Scanning for Btrfs filesystems
done.
Warning: fsck not present, so skipping root file system
[   16.103788] EXT4-fs (sda1): mounted filesystem with ordered data mode. Opts: (null)
done.
Begin: Running /scripts/local-bottom ... done.
Begin: Running /scripts/init-bottom ... done.
[   16.451738] systemd[1]: systemd 229 running in system mode. (+PAM +AUDIT +SELINUX +IMA +APPARMOR +SMACK +SYSVINIT +UTMP +LIBCRYPTSETUP +GCRYPT +GNUTLS +ACL +XZ -LZ4 +SECCOMP +BLKID +ELFUTILS +KMOD -IDN)
[   16.463591] systemd[1]: Detected virtualization oracle.
[   16.466376] systemd[1]: Detected architecture x86-64.

Welcome to [1mUbuntu 16.04.6 LTS[0m!

[   16.487419] systemd[1]: Set hostname to <ubuntu-xenial>.
[   17.027112] systemd[1]: Listening on udev Control Socket.
[[0;32m  OK  [0m] Listening on udev Control Socket.
[   17.041527] systemd[1]: Started Trigger resolvconf update for networkd DNS.
[[0;32m  OK  [0m] Started Trigger resolvconf update for networkd DNS.
[   17.051120] systemd[1]: Listening on /dev/initctl Compatibility Named Pipe.
[[0;32m  OK  [0m] Listening on /dev/initctl Compatibility Named Pipe.
[   17.058448] systemd[1]: Reached target Swap.
[[0;32m  OK  [0m] Reached target Swap.
[   17.064389] systemd[1]: Listening on Syslog Socket.
[[0;32m  OK  [0m] Listening on Syslog Socket.
[   17.070551] systemd[1]: Reached target User and Group Name Lookups.
[[0;32m  OK  [0m] Reached target User and Group Name Lookups.
[   17.080711] systemd[1]: Reached target System Time Synchronized.
[[0;32m  OK  [0m] Reached target System Time Synchronized.
[   17.088232] systemd[1]: Listening on Device-mapper event daemon FIFOs.
[[0;32m  OK  [0m] Listening on Device-mapper event daemon FIFOs.
[   17.097791] systemd[1]: Listening on LVM2 poll daemon socket.
[[0;32m  OK  [0m] Listening on LVM2 poll daemon socket.
[   17.105298] systemd[1]: Reached target Encrypted Volumes.
[[0;32m  OK  [0m] Reached target Encrypted Volumes.
[   17.113979] systemd[1]: Listening on Journal Socket (/dev/log).
[[0;32m  OK  [0m] Listening on Journal Socket (/dev/log).
[   17.128953] systemd[1]: Listening on LVM2 metadata daemon socket.
[[0;32m  OK  [0m] Listening on LVM2 metadata daemon socket.
[   17.138256] systemd[1]: Created slice User and Session Slice.
[[0;32m  OK  [0m] Created slice User and Session Slice.
[   17.153324] systemd[1]: Listening on Journal Audit Socket.
[[0;32m  OK  [0m] Listening on Journal Audit Socket.
[   17.167456] systemd[1]: Listening on Journal Socket.
[[0;32m  OK  [0m] Listening on Journal Socket.
[   17.194592] systemd[1]: Created slice System Slice.
[[0;32m  OK  [0m] Created slice System Slice.
[   17.225407] systemd[1]: Mounting Debug File System...
[   17.228923] random: nonblocking pool is initialized
         Mounting Debug File System...
[   17.261072] systemd[1]: Starting Nameserver information manager...
         Starting Nameserver information manager...
[   17.271531] systemd[1]: Reached target Slices.
[[0;32m  OK  [0m] Reached target Slices.
[   17.283835] systemd[1]: Starting Journal Service...
         Starting Journal Service...
[   17.297324] systemd[1]: Mounting POSIX Message Queue File System...
         Mounting POSIX Message Queue File System...
[   17.318251] systemd[1]: Starting Remount Root and Kernel File Systems...
         Starting Remount Root and Kernel File Systems...
[   17.335034] systemd[1]: Starting Uncomplicated firewall...
[   17.337180] EXT4-fs (sda1): re-mounted. Opts: (null)
         Starting Uncomplicated firewall...
[   17.352242] systemd[1]: Starting Monitoring of LVM2 mirrors, snapshots etc. using dmeventd or progress polling...
         Starting Monitoring of LVM2 mirrors... dmeventd or progress polling...
[   17.377559] systemd[1]: Starting Load Kernel Modules...
         Starting Load Kernel Modules...
[   17.393886] systemd[1]: Created slice system-serial\x2dgetty.slice.
[[0;32m  OK  [0m] Created slice system-serial\x2dgetty.slice.
[   17.404173] Loading iSCSI transport class v2.0-870.
[   17.425472] systemd[1]: Starting Create list of required static device nodes for the current kernel...
[   17.440534] iscsi: registered transport (tcp)
         Starting Create list of required st... nodes for the current kernel...
[   17.460897] systemd[1]: Started Forward Password Requests to Wall Directory Watch.
[[0;32m  OK  [0m] Started Forward Password Requests to Wall Directory Watch.
[   17.485131] systemd[1]: Listening on udev Kernel Socket.
[[0;32m  OK  [0m] Listening on udev Kernel Socket.
[   17.495142] systemd[1]: Set up automount Arbitrary Executable File Formats File System Automount Point.
[[0;32m  OK  [0m] Set up automount Arbitrary Executab...ats File System Automount Point.
[   17.518209] iscsi: registered transport (iser)
[   17.525585] systemd[1]: Mounting Huge Pages File System...
         Mounting Huge Pages File System...
[   17.532563] systemd[1]: Starting Set console keymap...
         Starting Set console keymap...
[   17.548367] systemd[1]: Mounted POSIX Message Queue File System.
[[0;32m  OK  [0m] Mounted POSIX Message Queue File System.
[   17.554274] systemd[1]: Mounted Huge Pages File System.
[[0;32m  OK  [0m] Mounted Huge Pages File System.
[   17.568824] systemd[1]: Mounted Debug File System.
[[0;32m  OK  [0m] Mounted Debug File System.
[   17.585191] systemd[1]: Started Journal Service.
[[0;32m  OK  [0m] Started Journal Service.
[[0;32m  OK  [0m] Started Remount Root and Kernel File Systems.
[[0;32m  OK  [0m] Started Uncomplicated firewall.
[[0;32m  OK  [0m] Started Load Kernel Modules.
[[0;32m  OK  [0m] Started Create list of required sta...ce nodes for the current kernel.
[[0;32m  OK  [0m] Started Set console keymap.
[[0;32m  OK  [0m] Started Nameserver information manager.
[[0;32m  OK  [0m] Started LVM2 metadata daemon.
         Starting Create Static Device Nodes in /dev...
         Mounting FUSE Control File System...
         Starting Apply Kernel Variables...
         Starting Load/Save Random Seed...
         Starting udev Coldplug all Devices...
         Starting Flush Journal to Persistent Storage...
[[0;32m  OK  [0m] Mounted FUSE Control File System.
[[0;32m  OK  [0m] Started Load/Save Random Seed.
[   17.737223] systemd-journald[391]: Received request to flush runtime journal from PID 1
[[0;32m  OK  [0m] Started Apply Kernel Variables.
[[0;32m  OK  [0m] Started Flush Journal to Persistent Storage.
[[0;32m  OK  [0m] Started Create Static Device Nodes in /dev.
[[0;32m  OK  [0m] Started Monitoring of LVM2 mirrors,...ng dmeventd or progress polling.
         Starting udev Kernel Device Manager...
[[0;32m  OK  [0m] Reached target Local File Systems (Pre).
[[0;32m  OK  [0m] Reached target Local File Systems.
         Starting Tell Plymouth To Write Out Runtime Data...
         Starting Create Volatile Files and Directories...
         Starting Initial cloud-init job (pre-networking)...
         Starting LSB: AppArmor initialization...
         Starting Set console font and keymap...
[[0;32m  OK  [0m] Started Tell Plymouth To Write Out Runtime Data.
[[0;32m  OK  [0m] Started udev Coldplug all Devices.
[[0;32m  OK  [0m] Started Create Volatile Files and Directories.
         Starting Update UTMP about System Boot/Shutdown...
[[0;32m  OK  [0m] Started Update UTMP about System Boot/Shutdown.
[[0;32m  OK  [0m] Started udev Kernel Device Manager.
[[0;32m  OK  [0m] Started Dispatch Password Requests to Console Directory Watch.
[[0;32m  OK  [0m] Started LSB: AppArmor initialization.
         Starting Load AppArmor profiles managed internally by snapd...
[[0;32m  OK  [0m] Started Load AppArmor profiles managed internally by snapd.
[[0;32m  OK  [0m] Found device /dev/ttyS0.
[[0;32m  OK  [0m] Listening on Load/Save RF Kill Switch Status /dev/rfkill Watch.
[[0;32m  OK  [0m] Found device 82540EM Gigabit Ethern...r (PRO/1000 MT Desktop Adapter).
[[0;32m  OK  [0m] Found device 82540EM Gigabit Ethern...r (PRO/1000 MT Desktop Adapter).
[[0;32m  OK  [0m] Started Set console font and keymap.
[[0;32m  OK  [0m] Created slice system-getty.slice.
[   18.608335] cloud-init[486]: Cloud-init v. 21.1-19-gbad84ad4-0ubuntu1~16.04.2 running 'init-local' at Mon, 08 Nov 2021 15:43:12 +0000. Up 18.03 seconds.
[[0;32m  OK  [0m] Started Initial cloud-init job (pre-networking).
[[0;32m  OK  [0m] Reached target Network (Pre).
[[0;32m  OK  [0m] Started ifup for enp0s3.
         Starting Raise network interfaces...
[[0;32m  OK  [0m] Started ifup for enp0s8.
[[0;32m  OK  [0m] Started Raise network interfaces.
         Starting Initial cloud-init job (metadata service crawler)...
[[0;32m  OK  [0m] Reached target Network.
[   20.457341] cloud-init[1084]: Cloud-init v. 21.1-19-gbad84ad4-0ubuntu1~16.04.2 running 'init' at Mon, 08 Nov 2021 15:43:13 +0000. Up 19.57 seconds.
[   20.467001] cloud-init[1084]: ci-info: ++++++++++++++++++++++++++++++++++++++Net device info+++++++++++++++++++++++++++++++++++++++
[   20.473969] cloud-init[1084]: ci-info: +--------+------+-----------------------------+---------------+--------+-------------------+
[   20.482522] cloud-init[1084]: ci-info: | Device |  Up  |           Address           |      Mask     | Scope  |     Hw-Address    |
[   20.489126] cloud-init[1084]: ci-info: +--------+------+-----------------------------+---------------+--------+-------------------+
[   20.498031] cloud-init[1084]: ci-info: | enp0s3 | True |          10.0.2.15          | 255.255.255.0 | global | 02:90:e9:96:cf:60 |
[   20.502639] cloud-init[1084]: ci-info: | enp0s3 | True |  fe80::90:e9ff:fe96:cf60/64 |       .       |  link  | 02:90:e9:96:cf:60 |
[   20.507459] cloud-init[1084]: ci-info: | enp0s8 | True |        192.168.10.100       | 255.255.255.0 | global | 08:00:27:82:fc:48 |
[   20.515123] cloud-init[1084]: ci-info: | enp0s8 | True | fe80::a00:27ff:fe82:fc48/64 |       .       |  link  | 08:00:27:82:fc:48 |
[   20.524292] cloud-init[1084]: ci-info: |   lo   | True |          127.0.0.1          |   255.0.0.0   |  host  |         .         |
[   20.536993] cloud-init[1084]: ci-info: |   lo   | True |           ::1/128           |       .       |  host  |         .         |
[   20.543913] cloud-init[1084]: ci-info: +--------+------+-----------------------------+---------------+--------+-------------------+
[   20.550240] cloud-init[1084]: ci-info: ++++++++++++++++++++++++++++Route IPv4 info++++++++++++++++++++++++++++
[   20.554124] cloud-init[1084]: ci-info: +-------+--------------+----------+---------------+-----------+-------+
[   20.560269] cloud-init[1084]: ci-info: | Route | Destination  | Gateway  |    Genmask    | Interface | Flags |
[   20.565391] cloud-init[1084]: ci-info: +-------+--------------+----------+---------------+-----------+-------+
[   20.571254] cloud-init[1084]: ci-info: |   0   |   0.0.0.0    | 10.0.2.2 |    0.0.0.0    |   enp0s3  |   UG  |
[   20.580717] cloud-init[1084]: ci-info: |   1   |   10.0.2.0   | 0.0.0.0  | 255.255.255.0 |   enp0s3  |   U   |
[   20.584989] cloud-init[1084]: ci-info: |   2   | 192.168.10.0 | 0.0.0.0  | 255.255.255.0 |   enp0s8  |   U   |
[   20.589635] cloud-init[1084]: ci-info: +-------+--------------+----------+---------------+-----------+-------+
[   20.596351] cloud-init[1084]: ci-info: +++++++++++++++++++Route IPv6 info+++++++++++++++++++
[   20.600966] cloud-init[1084]: ci-info: +-------+-------------+---------+-----------+-------+
[   20.605689] cloud-init[1084]: ci-info: | Route | Destination | Gateway | Interface | Flags |
[   20.611335] cloud-init[1084]: ci-info: +-------+-------------+---------+-----------+-------+
[   20.616891] cloud-init[1084]: ci-info: |   0   |  fe80::/64  |    ::   |   enp0s8  |   U   |
[   20.620163] cloud-init[1084]: ci-info: |   1   |  fe80::/64  |    ::   |   enp0s3  |   U   |
[   20.623978] cloud-init[1084]: ci-info: |   4   |   ff00::/8  |    ::   |   enp0s8  |   U   |
[   20.628215] cloud-init[1084]: ci-info: |   5   |   ff00::/8  |    ::   |   enp0s3  |   U   |
[   20.631737] cloud-init[1084]: ci-info: +-------+-------------+---------+-----------+-------+
[[0;32m  OK  [0m] Started Initial cloud-init job (metadata service crawler).
[[0;32m  OK  [0m] Reached target System Initialization.
[[0;32m  OK  [0m] Started Message of the Day.
[[0;32m  OK  [0m] Listening on UUID daemon activation socket.
         Starting Socket activation for snappy daemon.
[[0;32m  OK  [0m] Started Daily apt download activities.
         Starting LXD - unix socket.
[[0;32m  OK  [0m] Started Daily apt upgrade and clean activities.
[[0;32m  OK  [0m] Listening on D-Bus System Message Bus Socket.
[[0;32m  OK  [0m] Listening on ACPID Listen Socket.
[[0;32m  OK  [0m] Started ACPI Events Check.
[[0;32m  OK  [0m] Reached target Paths.
[[0;32m  OK  [0m] Started Daily Cleanup of Temporary Directories.
[[0;32m  OK  [0m] Reached target Timers.
[[0;32m  OK  [0m] Reached target Network is Online.
         Starting iSCSI initiator daemon (iscsid)...
[[0;32m  OK  [0m] Reached target Cloud-config availability.
[[0;32m  OK  [0m] Listening on Socket activation for snappy daemon.
[[0;32m  OK  [0m] Listening on LXD - unix socket.
[[0;32m  OK  [0m] Reached target Sockets.
[[0;32m  OK  [0m] Reached target Basic System.
         Starting LSB: MD monitoring daemon...
         Starting /etc/rc.local Compatibility...
         Starting Accounts Service...
[[0;32m  OK  [0m] Started ACPI event daemon.
         Starting A high performance web server and a reverse proxy server...
         Starting LSB: Record successful boot for GRUB...
[[0;32m  OK  [0m] Started D-Bus System Message Bus.
         Starting Snap Daemon...
[[0;32m  OK  [0m] Started FUSE filesystem for LXC.
[[0;32m  OK  [0m] Started Deferred execution scheduler.
[[0;32m  OK  [0m] Started Regular background program processing daemon.
         Starting Login Service...
         Starting LXD - container startup/shutdown...
         Starting Virtualbox guest utils...
         Starting OpenBSD Secure Shell server...
         Starting System Logging Service...
[[0;32m  OK  [0m] Started iSCSI initiator daemon (iscsid).
[[0;32m  OK  [0m] Started /etc/rc.local Compatibility.
         Starting Authenticate and Authorize Users to Run Privileged Tasks...
         Starting Login to default iSCSI targets...
[[0;32m  OK  [0m] Started Login Service.
[[0;32m  OK  [0m] Started System Logging Service.
[[0;32m  OK  [0m] Started Unattended Upgrades Shutdown.
[[0;32m  OK  [0m] Started LSB: MD monitoring daemon.
[[0;32m  OK  [0m] Started Authenticate and Authorize Users to Run Privileged Tasks.
[[0;32m  OK  [0m] Started LSB: Record successful boot for GRUB.
[[0;32m  OK  [0m] Started A high performance web server and a reverse proxy server.
[[0;32m  OK  [0m] Started Accounts Service.
[[0;32m  OK  [0m] Started OpenBSD Secure Shell server.
[[0;32m  OK  [0m] Started Login to default iSCSI targets.
[[0;32m  OK  [0m] Reached target Remote File Systems (Pre).
[[0;32m  OK  [0m] Reached target Remote File Systems.
         Starting LSB: daemon to balance interrupts for SMP systems...
         Starting LSB: automatic crash report generation...
         Starting LSB: Set the CPU Frequency Scaling governor to "ondemand"...
         Starting Permit User Sessions...
[[0;32m  OK  [0m] Started Permit User Sessions.
         Starting Hold until boot process finishes up...
         Starting Terminate Plymouth Boot Screen...
[[0;32m  OK  [0m] Started Hold until boot process finishes up.
[[0;32m  OK  [0m] Started Terminate Plymouth Boot Screen.
[[0;32m  OK  [0m] Started LXD - container startup/shutdown.
[[0;32m  OK  [0m] Started Virtualbox guest utils.
[[0;32m  OK  [0m] Started Serial Getty on ttyS0.
[[0;32m  OK  [0m] Started Getty on tty1.
[[0;32m  OK  [0m] Reached target Login Prompts.
         Starting Set console scheme...
[[0;32m  OK  [0m] Started LSB: daemon to balance interrupts for SMP systems.
[[0;32m  OK  [0m] Started LSB: automatic crash report generation.
[[0;32m  OK  [0m] Started Set console scheme.
[[0;32m  OK  [0m] Started LSB: Set the CPU Frequency Scaling governor to "ondemand".
[[0;32m  OK  [0m] Started Snap Daemon.
         Starting Wait until snapd is fully seeded...
[[0;32m  OK  [0m] Started Wait until snapd is fully seeded.
         Starting Apply the settings specified in cloud-config...
[[0;32m  OK  [0m] Reached target Multi-User System.
[[0;32m  OK  [0m] Reached target Graphical Interface.
         Starting Update UTMP about System Runlevel Changes...
[[0;32m  OK  [0m] Started Update UTMP about System Runlevel Changes.
[   23.224928] cloud-init[1350]: Cloud-init v. 21.1-19-gbad84ad4-0ubuntu1~16.04.2 running 'modules:config' at Mon, 08 Nov 2021 15:43:17 +0000. Up 23.03 seconds.
[[0;32m  OK  [0m] Started Apply the settings specified in cloud-config.
         Starting Execute cloud user/final scripts...
[   24.858963] cloud-init[1366]: Cloud-init v. 21.1-19-gbad84ad4-0ubuntu1~16.04.2 running 'modules:final' at Mon, 08 Nov 2021 15:43:18 +0000. Up 24.60 seconds.
[   24.872239] cloud-init[1366]: Cloud-init v. 21.1-19-gbad84ad4-0ubuntu1~16.04.2 finished at Mon, 08 Nov 2021 15:43:18 +0000. Datasource DataSourceNoCloud [seed=/dev/sdb][dsmode=net].  Up 24.84 seconds
[[0;32m  OK  [0m] Started Execute cloud user/final scripts.
[[0;32m  OK  [0m] Reached target Cloud-init target.

Ubuntu 16.04.6 LTS ubuntu-xenial ttyS0

ubuntu-xenial login: 